   
misolic@nb-misolic23 MINGW64 ~
$ cd workspace/

misolic@nb-misolic23 MINGW64 ~/workspace
$ ls
profiles-rest-api/  workspace.code-workspace

misolic@nb-misolic23 MINGW64 ~/workspace
$ pwd
/c/Users/misolic/workspace

misolic@nb-misolic23 MINGW64 ~/workspace
$ git init
Initialized empty Git repository in C:/Users/misolic/workspace/.git/

misolic@nb-misolic23 MINGW64 ~/workspace (master)
$ ls
profiles-rest-api/  workspace.code-workspace

misolic@nb-misolic23 MINGW64 ~/workspace (master)
$ ls
profiles-rest-api/  workspace.code-workspace

misolic@nb-misolic23 MINGW64 ~/workspace (master)
$ ls -l
total 1
drwxr-xr-x 1 misolic 1049088  0 Feb 11 10:19 profiles-rest-api/
-rw-r--r-- 1 misolic 1049088 18 Feb 11 10:21 workspace.code-workspace

misolic@nb-misolic23 MINGW64 ~/workspace (master)
$ cd profiles-rest-api/

misolic@nb-misolic23 MINGW64 ~/workspace/profiles-rest-api (master)
$ git init
Initialized empty Git repository in C:/Users/misolic/workspace/profiles-rest-api/.git/

misolic@nb-misolic23 MINGW64 ~/workspace/profiles-rest-api (master)
$ ls -l
total 0

misolic@nb-misolic23 MINGW64 ~/workspace/profiles-rest-api (master)
$ git add .

misolic@nb-misolic23 MINGW64 ~/workspace/profiles-rest-api (master)
$ git commit -am "Initial"
[master (root-commit) c1f0055] Initial
 3 files changed, 207 insertions(+)
 create mode 100644 .gitignore
 create mode 100644 LICENSE
 create mode 100644 README.md

misolic@nb-misolic23 MINGW64 ~/workspace/profiles-rest-api (master)
$ git commit -a
[master 98d4084]        modified:   README.md
 1 file changed, 3 insertions(+)

misolic@nb-misolic23 MINGW64 ~/workspace/profiles-rest-api (master)
$ ls ./.ssh
ls: cannot access './.ssh': No such file or directory

misolic@nb-misolic23 MINGW64 ~/workspace/profiles-rest-api (master)
$ ssh-keygen -t rsa -b 4096 -c "axixtech.it"
Too many arguments.
usage: ssh-keygen [-q] [-a rounds] [-b bits] [-C comment] [-f output_keyfile]
                  [-m format] [-N new_passphrase] [-O option]
                  [-t dsa | ecdsa | ecdsa-sk | ed25519 | ed25519-sk | rsa]
                  [-w provider] [-Z cipher]
       ssh-keygen -p [-a rounds] [-f keyfile] [-m format] [-N new_passphrase]
                   [-P old_passphrase] [-Z cipher]
       ssh-keygen -i [-f input_keyfile] [-m key_format]
       ssh-keygen -e [-f input_keyfile] [-m key_format]
       ssh-keygen -y [-f input_keyfile]
       ssh-keygen -c [-a rounds] [-C comment] [-f keyfile] [-P passphrase]
       ssh-keygen -l [-v] [-E fingerprint_hash] [-f input_keyfile]
       ssh-keygen -B [-f input_keyfile]
       ssh-keygen -D pkcs11
       ssh-keygen -F hostname [-lv] [-f known_hosts_file]
       ssh-keygen -H [-f known_hosts_file]
       ssh-keygen -K [-a rounds] [-w provider]
       ssh-keygen -R hostname [-f known_hosts_file]
       ssh-keygen -r hostname [-g] [-f input_keyfile]
       ssh-keygen -M generate [-O option] output_file
       ssh-keygen -M screen [-f input_file] [-O option] output_file
       ssh-keygen -I certificate_identity -s ca_key [-hU] [-D pkcs11_provider]
                  [-n principals] [-O option] [-V validity_interval]
                  [-z serial_number] file ...
       ssh-keygen -L [-f input_keyfile]
       ssh-keygen -A [-a rounds] [-f prefix_path]
       ssh-keygen -k -f krl_file [-u] [-s ca_public] [-z version_number]
                  file ...
       ssh-keygen -Q [-l] -f krl_file [file ...]
       ssh-keygen -Y find-principals -s signature_file -f allowed_signers_file
       ssh-keygen -Y match-principals -I signer_identity -f allowed_signers_file
       ssh-keygen -Y check-novalidate -n namespace -s signature_file
       ssh-keygen -Y sign -f key_file -n namespace file [-O option] ...
       ssh-keygen -Y verify -f allowed_signers_file -I signer_identity
                  -n namespace -s signature_file [-r krl_file] [-O option]

misolic@nb-misolic23 MINGW64 ~/workspace/profiles-rest-api (master)
$ ssh-keygen -t rsa -b 4096 -c "ingo@axixtech.it"
Too many arguments.
usage: ssh-keygen [-q] [-a rounds] [-b bits] [-C comment] [-f output_keyfile]
                  [-m format] [-N new_passphrase] [-O option]
                  [-t dsa | ecdsa | ecdsa-sk | ed25519 | ed25519-sk | rsa]
                  [-w provider] [-Z cipher]
       ssh-keygen -p [-a rounds] [-f keyfile] [-m format] [-N new_passphrase]
                   [-P old_passphrase] [-Z cipher]
       ssh-keygen -i [-f input_keyfile] [-m key_format]
       ssh-keygen -e [-f input_keyfile] [-m key_format]
       ssh-keygen -y [-f input_keyfile]
       ssh-keygen -c [-a rounds] [-C comment] [-f keyfile] [-P passphrase]
       ssh-keygen -l [-v] [-E fingerprint_hash] [-f input_keyfile]
       ssh-keygen -B [-f input_keyfile]
       ssh-keygen -D pkcs11
       ssh-keygen -F hostname [-lv] [-f known_hosts_file]
       ssh-keygen -H [-f known_hosts_file]
       ssh-keygen -K [-a rounds] [-w provider]
       ssh-keygen -R hostname [-f known_hosts_file]
       ssh-keygen -r hostname [-g] [-f input_keyfile]
       ssh-keygen -M generate [-O option] output_file
       ssh-keygen -M screen [-f input_file] [-O option] output_file
       ssh-keygen -I certificate_identity -s ca_key [-hU] [-D pkcs11_provider]
                  [-n principals] [-O option] [-V validity_interval]
                  [-z serial_number] file ...
       ssh-keygen -L [-f input_keyfile]
       ssh-keygen -A [-a rounds] [-f prefix_path]
       ssh-keygen -k -f krl_file [-u] [-s ca_public] [-z version_number]
                  file ...
       ssh-keygen -Q [-l] -f krl_file [file ...]
       ssh-keygen -Y find-principals -s signature_file -f allowed_signers_file
       ssh-keygen -Y match-principals -I signer_identity -f allowed_signers_file
       ssh-keygen -Y check-novalidate -n namespace -s signature_file
       ssh-keygen -Y sign -f key_file -n namespace file [-O option] ...
       ssh-keygen -Y verify -f allowed_signers_file -I signer_identity
                  -n namespace -s signature_file [-r krl_file] [-O option]

misolic@nb-misolic23 MINGW64 ~/workspace/profiles-rest-api (master)
$ ssh-keygen -t rsa -b 4096 -C "ingo@axixtech.it"
Generating public/private rsa key pair.
Enter file in which to save the key (/c/Users/misolic/.ssh/id_rsa):
Created directory '/c/Users/misolic/.ssh'.
Enter passphrase (empty for no passphrase):
Enter same passphrase again:
Your identification has been saved in /c/Users/misolic/.ssh/id_rsa
Your public key has been saved in /c/Users/misolic/.ssh/id_rsa.pub
The key fingerprint is:
SHA256:/h5DSIIlk/bGKtjl6FlUzKIVagf4lfjH3Ui1sfhSzz0 ingo@axixtech.it
The key's randomart image is:
+---[RSA 4096]----+
| ...+*.  .o      |
|. .oB=+ .. +     |
| .o*o*.ooo+      |
| .o.+ *oo+.o .   |
| o = +  S o o E  |
|. + +  . o     . |
| . +    . o      |
|  o      . o     |
|         .o      |
+----[SHA256]-----+

misolic@nb-misolic23 MINGW64 ~/workspace/profiles-rest-api (master)
$ ls -l
total 5
-rw-r--r-- 1 misolic 1049088 1080 Feb 11 10:42 LICENSE
-rw-r--r-- 1 misolic 1049088   46 Feb 11 10:45 README.md

misolic@nb-misolic23 MINGW64 ~/workspace/profiles-rest-api (master)
$ ls -l
total 5
-rw-r--r-- 1 misolic 1049088 1080 Feb 11 10:42 LICENSE
-rw-r--r-- 1 misolic 1049088   46 Feb 11 10:45 README.md

misolic@nb-misolic23 MINGW64 ~/workspace/profiles-rest-api (master)
$ ls -l ./*
-rw-r--r-- 1 misolic 1049088 1080 Feb 11 10:42 ./LICENSE
-rw-r--r-- 1 misolic 1049088   46 Feb 11 10:45 ./README.md

misolic@nb-misolic23 MINGW64 ~/workspace/profiles-rest-api (master)
$ ls ls \
> ^C

misolic@nb-misolic23 MINGW64 ~/workspace/profiles-rest-api (master)
$ ls /
LICENSE.txt        bin/  dev/  git-bash.exe*  mingw64/  tmp/          unins001.exe*  usr/
ReleaseNotes.html  cmd/  etc/  git-cmd.exe*   proc/     unins001.dat  unins001.msg

misolic@nb-misolic23 MINGW64 ~/workspace/profiles-rest-api (master)
$ ls ../..
 AppData/
 Contacts/
 Cookies@
'Creative Cloud Files'/
'Dati applicazioni'@
 Desktop/
 Documenti@
 Documents/
 Downloads/
 Dropbox/
 Favorites/
'Impostazioni locali'@
 Links/
'Menu Avvio'@
 Modelli@
 Music/
 NTUSER.DAT
 NTUSER.DAT{4c6c1d08-f137-11ed-af11-10f60a0bf2b6}.TM.blf
 NTUSER.DAT{4c6c1d08-f137-11ed-af11-10f60a0bf2b6}.TMContainer00000000000000000001.regtrans-ms
 NTUSER.DAT{4c6c1d08-f137-11ed-af11-10f60a0bf2b6}.TMContainer00000000000000000002.regtrans-ms
 OneDrive/
'OneDrive - S.E.A. Societ√† Elettromeccanica Arzignanese S.p.A'/
 Pictures/
 Recenti@
'Risorse di rete'@
'Risorse di stampa'@
'Saved Games'/
 Searches/
 SendTo@
 Tracing/
 Videos/
 advanced_ip_scanner_Aliases.bin
 advanced_ip_scanner_Comments.bin
 advanced_ip_scanner_MAC.bin
 install.xml
 ntuser.dat.LOG1
 ntuser.dat.LOG2
 ntuser.ini
 source/
 stkeystore.p12
 workspace/

misolic@nb-misolic23 MINGW64 ~/workspace/profiles-rest-api (master)
$ ls ../../.ssh
id_rsa  id_rsa.pub

misolic@nb-misolic23 MINGW64 ~/workspace/profiles-rest-api (master)
$ cat ../../.ssh/id_rsa.pub
ssh-rsa AAAAB3NzaC1yc2EAAAADAQABAAACAQC/R96i6foVDzKSIQtwkj4gOqFDbFiENZDg4/V9C7MDYPCfiTlIUV984L6hXeTcV5w+56riZv/2hnQLkfr8OugNoPdwTuLv2sdrGmhFg/MdjHOhnjY/XURN6lSi8Mt8XlrA/hyFCBCKjtKWWBRI2HtJOCCIWnQA7RZyyeR9/6eA6r6bYgZJjm02dnRtH7Wc+WZzwLXMKR02ncO6fDRnuOFrQzC+CrWavSenz7coo8ke6yxq5jm+4vyNqW8NiQSAEIJ9jM53PGOzkbC3bfB1R25do7q4zQ4sS6VcKYBAKXNjUY8s6+3OWAJzwNiPK+eTFFxjNAxcLbL7EDiiCeekczoe4FRcEgWcotbKv7YuI0+u5TtBT1Zj47jqcxz4m966EjjezCn5otqwkOFcFtaI3Wy1k8cLUfkvsBQnbT5LxjYq9T6kE+CtG+Jd3IV5DCrmYwOKp8xHRxfd1YtS9s6jxEhDQ/bjl4FWiAIitqksR7YnANM8s6nCQTAmKAFWm9zYj6osKV2f2wuCTDTVUFBcq21HuuS+FYv+S6xGzOOQCLemeb1QvnMzqIo2WT4wr++U5roTYp/EBgB6vQYDNgcmrs9dd1220CV1SqyJAFLTwvHCSakZ1Mc8DnwZFSXXEBYza1sgegVgzWKONir5Z01DwLyEhJj9FyGxdraZDheblmfynQ== ingo@axixtech.it

misolic@nb-misolic23 MINGW64 ~/workspace/profiles-rest-api (master)
$ ssh-keygen -t rsa -b 4096 -C "info@axistech.it"
Generating public/private rsa key pair.
Enter file in which to save the key (/c/Users/misolic/.ssh/id_rsa):
/c/Users/misolic/.ssh/id_rsa already exists.
Overwrite (y/n)? y
Enter passphrase (empty for no passphrase):
Enter same passphrase again:
Your identification has been saved in /c/Users/misolic/.ssh/id_rsa
Your public key has been saved in /c/Users/misolic/.ssh/id_rsa.pub
The key fingerprint is:
SHA256:X/uvgXfZ63aoba5ABAXJE0Lwj4HU6VpGJ/aUVZulgxU info@axistech.it
The key's randomart image is:
+---[RSA 4096]----+
|    o+oo+Bo.E..  |
|   . o*.B. o =   |
|    .+o= .o =    |
|      ++..   .   |
|     +. S . .    |
|    .    o . o  o|
|          o o ooo|
|           . +o+o|
|            o=B=o|
+----[SHA256]-----+

misolic@nb-misolic23 MINGW64 ~/workspace/profiles-rest-api (master)
$ cat ../../.ssh/id_rsa.pub
ssh-rsa AAAAB3NzaC1yc2EAAAADAQABAAACAQCrRugMFuh0WJanjqP8MkcEpBbMCQK96+MfBC9EgIS/Rbuu4BcPSunkhyu17CEK/MQaunZnS1l8gyojb3OfK7/zxm86rhNaboU9lGQs9uKyN2FahGZ6JFoDFEhowfP/W2h+0q/VoboQb4F9Cv91CQUnVBgunMeFBuxyIQfR14SylTIQwWH7rL60Vcx0EDzvyz+mlR1GLKZAJScNFlpqIU+liU/jWvgDu7GuYuEcac6HSY5XnXY4VkmWM1RFnhSB5ixzIhgf3ItFN1jBrdZNsli4Dj5rlCxN3OIQaFMXU5uabVDdocW99MbU5bM3+zIPFRm3VRjYvRMfnRilLm9S/g/XUJUBlVwVX9c0/nMrL+THdPvCPc9bvxoHRoNG++3gA3x48O5jIXnWtqKljib5cFVT8jxjrsTr7uh0NCqbQN0Vj++Iqz2aWEcukKemy0FQdxKL1FAMrEaH4TE8vwsNEENP9HC80KHkK7ffXUNB9oQrujSqvhR0ItXwtodRUAvRLdPTY34g46QxISZhSa3lPosGY54fl4YnoX2tqkC5goghxHVyQdKqrBq3cLaAwN4VVbK6SEqFy8dhbMI2V5BqIuXoT9wtwcff/SEx+f/NCxDGzxC+mfhC+i8d3hMiH4lGr09w7JRt7Y+D1ijP/5R0zbPqFlCuUPerIEnV2ZR6UUoR1Q== info@axistech.it

misolic@nb-misolic23 MINGW64 ~/workspace/profiles-rest-api (master)
$ git remote add origin https://github.com/misko13/profiles-REST-API.git

misolic@nb-misolic23 MINGW64 ~/workspace/profiles-rest-api (master)
$ git push -u origin master



misolic@nb-misolic23 MINGW64 ~/workspace/profiles-rest-api (master)
$ git branch -M master

misolic@nb-misolic23 MINGW64 ~/workspace/profiles-rest-api (master)
$ git push -u origin master







misolic@nb-misolic23 MINGW64 ~/workspace/profiles-rest-api (master)
$  ssh -T git@github.com
The authenticity of host 'github.com (140.82.121.3)' can't be established.
ED25519 key fingerprint is SHA256:+DiY3wvvV6TuJJhbpZisF/zLDA0zPMSvHdkr4UvCOqU.
This key is not known by any other names.
Are you sure you want to continue connecting (yes/no/[fingerprint])? y
Please type 'yes', 'no' or the fingerprint: yes
Warning: Permanently added 'github.com' (ED25519) to the list of known hosts.
Hi misko13! You've successfully authenticated, but GitHub does not provide shell access.

misolic@nb-misolic23 MINGW64 ~/workspace/profiles-rest-api (master)
$ git push -u origin master
Enumerating objects: 8, done.
Counting objects: 100% (8/8), done.
Delta compression using up to 12 threads
Compressing objects: 100% (6/6), done.
Writing objects: 100% (8/8), 2.77 KiB | 2.77 MiB/s, done.
Total 8 (delta 1), reused 0 (delta 0), pack-reused 0
remote: Resolving deltas: 100% (1/1), done.
To https://github.com/misko13/profiles-REST-API.git
 * [new branch]      master -> master
branch 'master' set up to track 'origin/master'.

misolic@nb-misolic23 MINGW64 ~/workspace/profiles-rest-api (master)
$ vegrant -init ubuntu/bionic64
bash: vegrant: command not found

misolic@nb-misolic23 MINGW64 ~/workspace/profiles-rest-api (master)
$ vagrant -init ubuntu/bionic64
Usage: vagrant [options] <command> [<args>]

    -h, --help                       Print this help.

Common commands:
     autocomplete    manages autocomplete installation on host
     box             manages boxes: installation, removal, etc.
     cloud           manages everything related to Vagrant Cloud
     destroy         stops and deletes all traces of the vagrant machine
     global-status   outputs status Vagrant environments for this user
     halt            stops the vagrant machine
     help            shows the help for a subcommand
     init            initializes a new Vagrant environment by creating a Vagrantfile
     login
     package         packages a running vagrant environment into a box
     plugin          manages plugins: install, uninstall, update, etc.
     port            displays information about guest port mappings
     powershell      connects to machine via powershell remoting
     provision       provisions the vagrant machine
     push            deploys code in this environment to a configured destination
     rdp             connects to machine via RDP
     reload          restarts vagrant machine, loads new Vagrantfile configuration
     resume          resume a suspended vagrant machine
     serve           start Vagrant server
     snapshot        manages snapshots: saving, restoring, etc.
     ssh             connects to machine via SSH
     ssh-config      outputs OpenSSH valid configuration to connect to the machine
     status          outputs status of the vagrant machine
     suspend         suspends the machine
     up              starts and provisions the vagrant environment
     upload          upload to machine via communicator
     validate        validates the Vagrantfile
     version         prints current and latest Vagrant version
     winrm           executes commands on a machine via WinRM
     winrm-config    outputs WinRM configuration to connect to the machine

For help on any individual command run `vagrant COMMAND -h`

Additional subcommands are available, but are either more advanced
or not commonly used. To see all subcommands, run the command
`vagrant list-commands`.
        --[no-]color                 Enable or disable color output
        --machine-readable           Enable machine readable output
    -v, --version                    Display Vagrant version
        --debug                      Enable debug output
        --timestamp                  Enable timestamps on log output
        --debug-timestamp            Enable debug output with timestamps
        --no-tty                     Enable non-interactive output

misolic@nb-misolic23 MINGW64 ~/workspace/profiles-rest-api (master)
$ vagrant init ubuntu/bionic64
A `Vagrantfile` has been placed in this directory. You are now
ready to `vagrant up` your first virtual environment! Please read
the comments in the Vagrantfile as well as documentation on
`vagrantup.com` for more information on using Vagrant.

misolic@nb-misolic23 MINGW64 ~/workspace/profiles-rest-api (master)
$ vagrant up
Bringing machine 'default' up with 'virtualbox' provider...
==> default: Box 'ubuntu/bionic64' could not be found. Attempting to find and install...
    default: Box Provider: virtualbox
    default: Box Version: ~> 20200304.0.0
==> default: Loading metadata for box 'ubuntu/bionic64'
    default: URL: https://vagrantcloud.com/api/v2/vagrant/ubuntu/bionic64
==> default: Adding box 'ubuntu/bionic64' (v20200304.0.0) for provider: virtualbox
    default: Downloading: https://vagrantcloud.com/ubuntu/boxes/bionic64/versions/20200304.0.0/providers/virtualbox/unknown/vagrant.box
Download redirected to host: cloud-images.ubuntu.com
    default:
==> default: Successfully added box 'ubuntu/bionic64' (v20200304.0.0) for 'virtualbox'!
==> default: Importing base box 'ubuntu/bionic64'...
==> default: Matching MAC address for NAT networking...
==> default: Checking if box 'ubuntu/bionic64' version '20200304.0.0' is up to date...
==> default: Setting the name of the VM: profiles-rest-api_default_1707649624351_39090
Vagrant is currently configured to create VirtualBox synced folders with
the `SharedFoldersEnableSymlinksCreate` option enabled. If the Vagrant
guest is not trusted, you may want to disable this option. For more
information on this option, please refer to the VirtualBox manual:

  https://www.virtualbox.org/manual/ch04.html#sharedfolders

This option can be disabled globally with an environment variable:

  VAGRANT_DISABLE_VBOXSYMLINKCREATE=1

or on a per folder basis within the Vagrantfile:

  config.vm.synced_folder '/host/path', '/guest/path', SharedFoldersEnableSymlinksCreate: false
==> default: Clearing any previously set network interfaces...
==> default: Preparing network interfaces based on configuration...
    default: Adapter 1: nat
==> default: Forwarding ports...
    default: 8000 (guest) => 8000 (host) (adapter 1)
    default: 22 (guest) => 2222 (host) (adapter 1)
==> default: Running 'pre-boot' VM customizations...
==> default: Booting VM...
==> default: Waiting for machine to boot. This may take a few minutes...
    default: SSH address: 127.0.0.1:2222
    default: SSH username: vagrant
    default: SSH auth method: private key
    default: Warning: Connection reset. Retrying...
    default: Warning: Connection aborted. Retrying...
    default:
    default: Vagrant insecure key detected. Vagrant will automatically replace
    default: this with a newly generated keypair for better security.
    default:
    default: Inserting generated public key within guest...
    default: Removing insecure key from the guest if it's present...
    default: Key inserted! Disconnecting and reconnecting using new SSH key...
==> default: Machine booted and ready!
==> default: Checking for guest additions in VM...
    default: The guest additions on this VM do not match the installed version of
    default: VirtualBox! In most cases this is fine, but in rare cases it can
    default: prevent things such as shared folders from working properly. If you see
    default: shared folder errors, please make sure the guest additions within the
    default: virtual machine match the version of VirtualBox you have installed on
    default: your host and reload your VM.
    default:
    default: Guest Additions Version: 5.2.42
    default: VirtualBox Version: 7.0
==> default: Mounting shared folders...
    default: /vagrant => C:/Users/misolic/workspace/profiles-rest-api
==> default: Running provisioner: shell...
    default: Running: inline script
    default: Removed /etc/systemd/system/timers.target.wants/apt-daily.timer.
    default: Get:1 http://security.ubuntu.com/ubuntu bionic-security InRelease [88.7 kB]
    default: Hit:2 http://archive.ubuntu.com/ubuntu bionic InRelease
    default: Get:3 http://archive.ubuntu.com/ubuntu bionic-updates InRelease [88.7 kB]
    default: Get:4 http://archive.ubuntu.com/ubuntu bionic-backports InRelease [83.3 kB]
    default: Get:5 http://security.ubuntu.com/ubuntu bionic-security/main amd64 Packages [2717 kB]
    default: Get:6 http://archive.ubuntu.com/ubuntu bionic/universe amd64 Packages [8570 kB]
    default: Get:7 http://archive.ubuntu.com/ubuntu bionic/universe Translation-en [4941 kB]
    default: Get:8 http://security.ubuntu.com/ubuntu bionic-security/main Translation-en [467 kB]
    default: Get:9 http://archive.ubuntu.com/ubuntu bionic/multiverse amd64 Packages [151 kB]
    default: Get:10 http://archive.ubuntu.com/ubuntu bionic/multiverse Translation-en [108 kB]
    default: Get:11 http://archive.ubuntu.com/ubuntu bionic-updates/main amd64 Packages [3045 kB]
    default: Get:12 http://security.ubuntu.com/ubuntu bionic-security/restricted amd64 Packages [1317 kB]
    default: Get:13 http://archive.ubuntu.com/ubuntu bionic-updates/main Translation-en [554 kB]
    default: Get:14 http://archive.ubuntu.com/ubuntu bionic-updates/restricted amd64 Packages [1347 kB]
    default: Get:15 http://archive.ubuntu.com/ubuntu bionic-updates/restricted Translation-en [187 kB]
    default: Get:16 http://archive.ubuntu.com/ubuntu bionic-updates/universe amd64 Packages [1915 kB]
    default: Get:17 http://archive.ubuntu.com/ubuntu bionic-updates/universe Translation-en [421 kB]
    default: Get:18 http://archive.ubuntu.com/ubuntu bionic-updates/multiverse amd64 Packages [25.6 kB]
    default: Get:19 http://archive.ubuntu.com/ubuntu bionic-updates/multiverse Translation-en [6088 B]
    default: Get:20 http://archive.ubuntu.com/ubuntu bionic-backports/main amd64 Packages [53.3 kB]
    default: Get:21 http://archive.ubuntu.com/ubuntu bionic-backports/main Translation-en [14.6 kB]
    default: Get:22 http://archive.ubuntu.com/ubuntu bionic-backports/universe amd64 Packages [18.2 kB]
    default: Get:23 http://archive.ubuntu.com/ubuntu bionic-backports/universe Translation-en [8668 B]
    default: Get:24 http://security.ubuntu.com/ubuntu bionic-security/restricted Translation-en [182 kB]
    default: Get:25 http://security.ubuntu.com/ubuntu bionic-security/universe amd64 Packages [1303 kB]
    default: Get:26 http://security.ubuntu.com/ubuntu bionic-security/universe Translation-en [308 kB]
    default: Get:27 http://security.ubuntu.com/ubuntu bionic-security/multiverse amd64 Packages [19.8 kB]
    default: Get:28 http://security.ubuntu.com/ubuntu bionic-security/multiverse Translation-en [3928 B]
    default: Fetched 27.9 MB in 15s (1875 kB/s)
    default: Reading package lists...
    default: Reading package lists...
    default: Building dependency tree...
    default: Reading state information...
    default: The following additional packages will be installed:
    default:   python-pip-whl python3-distutils python3-lib2to3 python3.6-venv unzip
    default: The following NEW packages will be installed:
    default:   python-pip-whl python3-distutils python3-lib2to3 python3-venv python3.6-venv
    default:   unzip zip
    default: 0 upgraded, 7 newly installed, 0 to remove and 9 not upgraded.
    default: Need to get 2217 kB of archives.
    default: After this operation, 6249 kB of additional disk space will be used.
    default: Get:1 http://archive.ubuntu.com/ubuntu bionic-updates/universe amd64 python-pip-whl all 9.0.1-2.3~ubuntu1.18.04.8 [1653 kB]
    default: Get:2 http://archive.ubuntu.com/ubuntu bionic-updates/main amd64 python3-lib2to3 all 3.6.9-1~18.04 [77.4 kB]
    default: Get:3 http://archive.ubuntu.com/ubuntu bionic-updates/main amd64 python3-distutils all 3.6.9-1~18.04 [144 kB]
    default: Get:4 http://archive.ubuntu.com/ubuntu bionic-updates/universe amd64 python3.6-venv amd64 3.6.9-1~18.04ubuntu1.12 [6184 B]
    default: Get:5 http://archive.ubuntu.com/ubuntu bionic-updates/universe amd64 python3-venv amd64 3.6.7-1~18.04 [1208 B]
    default: Get:6 http://archive.ubuntu.com/ubuntu bionic-updates/main amd64 unzip amd64 6.0-21ubuntu1.2 [168 kB]
    default: Get:7 http://archive.ubuntu.com/ubuntu bionic/main amd64 zip amd64 3.0-11build1 [167 kB]
    default: dpkg-preconfigure: unable to re-open stdin: No such file or directory
    default: Fetched 2217 kB in 1s (1801 kB/s)
    default: Selecting previously unselected package python-pip-whl.
(Reading database ... 60336 files and directories currently installed.)
    default: Preparing to unpack .../0-python-pip-whl_9.0.1-2.3~ubuntu1.18.04.8_all.deb ...
    default: Unpacking python-pip-whl (9.0.1-2.3~ubuntu1.18.04.8) ...
    default: Selecting previously unselected package python3-lib2to3.
    default: Preparing to unpack .../1-python3-lib2to3_3.6.9-1~18.04_all.deb ...
    default: Unpacking python3-lib2to3 (3.6.9-1~18.04) ...
    default: Selecting previously unselected package python3-distutils.
    default: Preparing to unpack .../2-python3-distutils_3.6.9-1~18.04_all.deb ...
    default: Unpacking python3-distutils (3.6.9-1~18.04) ...
    default: Selecting previously unselected package python3.6-venv.
    default: Preparing to unpack .../3-python3.6-venv_3.6.9-1~18.04ubuntu1.12_amd64.deb ...
    default: Unpacking python3.6-venv (3.6.9-1~18.04ubuntu1.12) ...
    default: Selecting previously unselected package python3-venv.
    default: Preparing to unpack .../4-python3-venv_3.6.7-1~18.04_amd64.deb ...
    default: Unpacking python3-venv (3.6.7-1~18.04) ...
    default: Selecting previously unselected package unzip.
    default: Preparing to unpack .../5-unzip_6.0-21ubuntu1.2_amd64.deb ...
    default: Unpacking unzip (6.0-21ubuntu1.2) ...
    default: Selecting previously unselected package zip.
    default: Preparing to unpack .../6-zip_3.0-11build1_amd64.deb ...
    default: Unpacking zip (3.0-11build1) ...
    default: Setting up python-pip-whl (9.0.1-2.3~ubuntu1.18.04.8) ...
    default: Setting up unzip (6.0-21ubuntu1.2) ...
    default: Setting up python3.6-venv (3.6.9-1~18.04ubuntu1.12) ...
    default: Setting up zip (3.0-11build1) ...
    default: Setting up python3-lib2to3 (3.6.9-1~18.04) ...
    default: Setting up python3-distutils (3.6.9-1~18.04) ...
    default: Setting up python3-venv (3.6.7-1~18.04) ...
    default: Processing triggers for man-db (2.8.3-2ubuntu0.1) ...
    default: Processing triggers for mime-support (3.60ubuntu1) ...

misolic@nb-misolic23 MINGW64 ~/workspace/profiles-rest-api (master)
$ vagrant ssh
Welcome to Ubuntu 18.04.6 LTS (GNU/Linux 4.15.0-212-generic x86_64)

 * Documentation:  https://help.ubuntu.com
 * Management:     https://landscape.canonical.com
 * Support:        https://ubuntu.com/advantage

  System information as of Sun Feb 11 11:11:37 UTC 2024

  System load:  0.17              Processes:             104
  Usage of /:   3.4% of 38.70GB   Users logged in:       0
  Memory usage: 14%               IP address for enp0s3: 10.0.2.15
  Swap usage:   0%


Expanded Security Maintenance for Infrastructure is not enabled.

14 updates can be applied immediately.
10 of these updates are standard security updates.
To see these additional updates run: apt list --upgradable

86 additional security updates can be applied with ESM Infra.
Learn more about enabling ESM Infra service for Ubuntu 18.04 at
https://ubuntu.com/18-04

New release '20.04.6 LTS' available.
Run 'do-release-upgrade' to upgrade to it.


vagrant@ubuntu-bionic:~$ apt-get update
Reading package lists... Done
E: Could not open lock file /var/lib/apt/lists/lock - open (13: Permission denied)
E: Unable to lock directory /var/lib/apt/lists/
W: Problem unlinking the file /var/cache/apt/pkgcache.bin - RemoveCaches (13: Permission denied)
W: Problem unlinking the file /var/cache/apt/srcpkgcache.bin - RemoveCaches (13: Permission denied)
vagrant@ubuntu-bionic:~$ exir

Command 'exir' not found, did you mean:

  command 'exim' from deb exim4-daemon-heavy
  command 'exim' from deb exim4-daemon-light
  command 'exif' from deb exif
  command 'expr' from deb coreutils

Try: apt install <deb name>

vagrant@ubuntu-bionic:~$ exit
logout

misolic@nb-misolic23 MINGW64 ~/workspace/profiles-rest-api (master)
$ vagrant ssh
Welcome to Ubuntu 18.04.6 LTS (GNU/Linux 4.15.0-212-generic x86_64)

 * Documentation:  https://help.ubuntu.com
 * Management:     https://landscape.canonical.com
 * Support:        https://ubuntu.com/advantage

  System information as of Sun Feb 11 11:15:03 UTC 2024

  System load:  0.01              Processes:             96
  Usage of /:   3.4% of 38.70GB   Users logged in:       0
  Memory usage: 14%               IP address for enp0s3: 10.0.2.15
  Swap usage:   0%


Expanded Security Maintenance for Infrastructure is not enabled.

14 updates can be applied immediately.
10 of these updates are standard security updates.
To see these additional updates run: apt list --upgradable

86 additional security updates can be applied with ESM Infra.
Learn more about enabling ESM Infra service for Ubuntu 18.04 at
https://ubuntu.com/18-04

New release '20.04.6 LTS' available.
Run 'do-release-upgrade' to upgrade to it.


Last login: Sun Feb 11 11:11:38 2024 from 10.0.2.2
vagrant@ubuntu-bionic:~$ cd /vagrant
vagrant@ubuntu-bionic:/vagrant$ ls
LICENSE  README.md  Vagrantfile  ubuntu-bionic-18.04-cloudimg-console.log
vagrant@ubuntu-bionic:/vagrant$ touch test.txt
vagrant@ubuntu-bionic:/vagrant$ ls
LICENSE  README.md  Vagrantfile  test.txt  ubuntu-bionic-18.04-cloudimg-console.log
vagrant@ubuntu-bionic:/vagrant$ rm test.txt
vagrant@ubuntu-bionic:/vagrant$ ls
LICENSE  README.md  Vagrantfile  hello_world.py  ubuntu-bionic-18.04-cloudimg-console.log
vagrant@ubuntu-bionic:/vagrant$ python hello_world.py
vagrant@ubuntu-bionic:/vagrant$ python
Python 3.6.9 (default, Mar 10 2023, 16:46:00)
[GCC 8.4.0] on linux
Type "help", "copyright", "credits" or "license" for more information.
>>>

misolic@nb-misolic23 MINGW64 ~/workspace/profiles-rest-api (master)
$ cat hello_world.py

misolic@nb-misolic23 MINGW64 ~/workspace/profiles-rest-api (master)
$ cat hello_world.py
print('Hello world')
misolic@nb-misolic23 MINGW64 ~/workspace/profiles-rest-api (master)
$ python hello_world.py
Hello world

misolic@nb-misolic23 MINGW64 ~/workspace/profiles-rest-api (master)
$ pwd
/c/Users/misolic/workspace/profiles-rest-api

misolic@nb-misolic23 MINGW64 ~/workspace/profiles-rest-api (master)
$ ls -l
total 74
-rw-r--r-- 1 misolic 1049088  1080 Feb 11 10:42 LICENSE
-rw-r--r-- 1 misolic 1049088    46 Feb 11 10:45 README.md
-rw-r--r-- 1 misolic 1049088  1243 Feb 11 12:02 Vagrantfile
-rw-r--r-- 1 misolic 1049088    20 Feb 11 12:28 hello_world.py
-rw-r--r-- 1 misolic 1049088 45816 Feb 11 12:08 ubuntu-bionic-18.04-cloudimg-console.log

misolic@nb-misolic23 MINGW64 ~/workspace/profiles-rest-api (master)
$ pwd
/c/Users/misolic/workspace/profiles-rest-api

misolic@nb-misolic23 MINGW64 ~/workspace/profiles-rest-api (master)
$ vagrant ssh
Welcome to Ubuntu 18.04.6 LTS (GNU/Linux 4.15.0-212-generic x86_64)

 * Documentation:  https://help.ubuntu.com
 * Management:     https://landscape.canonical.com
 * Support:        https://ubuntu.com/advantage

  System information as of Sun Feb 11 11:35:25 UTC 2024

  System load:  0.0               Processes:             98
  Usage of /:   3.4% of 38.70GB   Users logged in:       1
  Memory usage: 15%               IP address for enp0s3: 10.0.2.15
  Swap usage:   0%


Expanded Security Maintenance for Infrastructure is not enabled.

14 updates can be applied immediately.
10 of these updates are standard security updates.
To see these additional updates run: apt list --upgradable

86 additional security updates can be applied with ESM Infra.
Learn more about enabling ESM Infra service for Ubuntu 18.04 at
https://ubuntu.com/18-04

New release '20.04.6 LTS' available.
Run 'do-release-upgrade' to upgrade to it.


Last login: Sun Feb 11 11:15:04 2024 from 10.0.2.2
vagrant@ubuntu-bionic:~$ cd /vagrant/
vagrant@ubuntu-bionic:/vagrant$ ls
LICENSE  README.md  Vagrantfile  hello_world.py  ubuntu-bionic-18.04-cloudimg-console.log
vagrant@ubuntu-bionic:/vagrant$ python hello_world.py
Hello world
vagrant@ubuntu-bionic:/vagrant$ python -m venv ~/env
vagrant@ubuntu-bionic:/vagrant$ exit
logout

misolic@nb-misolic23 MINGW64 ~/workspace/profiles-rest-api (master)
$ cd /vagranbt
bash: cd: /vagranbt: No such file or directory

misolic@nb-misolic23 MINGW64 ~/workspace/profiles-rest-api (master)
$ vagrant ssh

Welcome to Ubuntu 18.04.6 LTS (GNU/Linux 4.15.0-212-generic x86_64)

 * Documentation:  https://help.ubuntu.com
 * Management:     https://landscape.canonical.com
 * Support:        https://ubuntu.com/advantage

  System information as of Sun Feb 11 15:15:12 UTC 2024

  System load:  0.0               Processes:             101
  Usage of /:   3.4% of 38.70GB   Users logged in:       1
  Memory usage: 15%               IP address for enp0s3: 10.0.2.15
  Swap usage:   0%

 * Strictly confined Kubernetes makes edge and IoT secure. Learn how MicroK8s
   just raised the bar for easy, resilient and secure K8s cluster deployment.

   https://ubuntu.com/engage/secure-kubernetes-at-the-edge

Expanded Security Maintenance for Infrastructure is not enabled.

14 updates can be applied immediately.
10 of these updates are standard security updates.
To see these additional updates run: apt list --upgradable

86 additional security updates can be applied with ESM Infra.
Learn more about enabling ESM Infra service for Ubuntu 18.04 at
https://ubuntu.com/18-04

New release '20.04.6 LTS' available.
Run 'do-release-upgrade' to upgrade to it.


Last login: Sun Feb 11 11:35:26 2024 from 10.0.2.2

vagrant@ubuntu-bionic:~$
vagrant@ubuntu-bionic:~$ cd ~/vargant
-bash: cd: /home/vagrant/vargant: No such file or directory
vagrant@ubuntu-bionic:~$ cd /vargant
-bash: cd: /vargant: No such file or directory
vagrant@ubuntu-bionic:~$ pwd
/home/vagrant
vagrant@ubuntu-bionic:~$ cd/vagrant
-bash: cd/vagrant: No such file or directory
vagrant@ubuntu-bionic:~$ python -m venv ~/env
vagrant@ubuntu-bionic:~$ activte
activte: command not found
vagrant@ubuntu-bionic:~$ deactivate
deactivate: command not found
vagrant@ubuntu-bionic:~$ exit
logout

misolic@nb-misolic23 MINGW64 ~/workspace/profiles-rest-api (master)
$ ls
LICENSE  README.md  Vagrantfile  hello_world.py  ubuntu-bionic-18.04-cloudimg-console.log

misolic@nb-misolic23 MINGW64 ~/workspace/profiles-rest-api (master)
$ vagrant ssh
Welcome to Ubuntu 18.04.6 LTS (GNU/Linux 4.15.0-212-generic x86_64)

 * Documentation:  https://help.ubuntu.com
 * Management:     https://landscape.canonical.com
 * Support:        https://ubuntu.com/advantage

  System information as of Sun Feb 11 15:19:45 UTC 2024

  System load:  0.08              Processes:             100
  Usage of /:   3.4% of 38.70GB   Users logged in:       1
  Memory usage: 15%               IP address for enp0s3: 10.0.2.15
  Swap usage:   0%

 * Strictly confined Kubernetes makes edge and IoT secure. Learn how MicroK8s
   just raised the bar for easy, resilient and secure K8s cluster deployment.

   https://ubuntu.com/engage/secure-kubernetes-at-the-edge

Expanded Security Maintenance for Infrastructure is not enabled.

14 updates can be applied immediately.
10 of these updates are standard security updates.
To see these additional updates run: apt list --upgradable

86 additional security updates can be applied with ESM Infra.
Learn more about enabling ESM Infra service for Ubuntu 18.04 at
https://ubuntu.com/18-04

New release '20.04.6 LTS' available.
Run 'do-release-upgrade' to upgrade to it.


Last login: Sun Feb 11 15:15:14 2024 from 10.0.2.2
vagrant@ubuntu-bionic:~$ ls
env
vagrant@ubuntu-bionic:~$ cd env
vagrant@ubuntu-bionic:~/env$ ls
bin  include  lib  lib64  pyvenv.cfg  share
vagrant@ubuntu-bionic:~/env$ deactivate
deactivate: command not found
vagrant@ubuntu-bionic:~/env$ cd /vagrant
vagrant@ubuntu-bionic:/vagrant$
vagrant@ubuntu-bionic:/vagrant$
vagrant@ubuntu-bionic:/vagrant$
vagrant@ubuntu-bionic:/vagrant$
vagrant@ubuntu-bionic:/vagrant$ ls
LICENSE  README.md  Vagrantfile  hello_world.py  ubuntu-bionic-18.04-cloudimg-console.log
vagrant@ubuntu-bionic:/vagrant$ python hello_world.py
Hello world
vagrant@ubuntu-bionic:/vagrant$ python -m venv ~/env
vagrant@ubuntu-bionic:/vagrant$ ls /
bin   dev  home        initrd.img.old  lib64       media  opt   root  sbin  srv  tmp  vagrant  vmlinuz
boot  etc  initrd.img  lib             lost+found  mnt    proc  run   snap  sys  usr  var      vmlinuz.old
vagrant@ubuntu-bionic:/vagrant$ cd
vagrant@ubuntu-bionic:~$ ls
env
vagrant@ubuntu-bionic:~$ pwd
/home/vagrant
vagrant@ubuntu-bionic:~$ ls /vagrant/
LICENSE  README.md  Vagrantfile  hello_world.py  ubuntu-bionic-18.04-cloudimg-console.log
vagrant@ubuntu-bionic:~$ cd env
vagrant@ubuntu-bionic:~/env$ ls
bin  include  lib  lib64  pyvenv.cfg  share
vagrant@ubuntu-bionic:~/env$ cd bin
vagrant@ubuntu-bionic:~/env/bin$ ls
activate  activate.csh  activate.fish  easy_install  easy_install-3.6  pip  pip3  pip3.6  python  python3
vagrant@ubuntu-bionic:~/env/bin$ cd /vagrant
vagrant@ubuntu-bionic:/vagrant$ source
-bash: source: filename argument required
source: usage: source filename [arguments]
vagrant@ubuntu-bionic:/vagrant$ source ~/env/bin/activate
(env) vagrant@ubuntu-bionic:/vagrant$ pip install -r requirements.txt
Collecting django==2.2 (from -r requirements.txt (line 1))
  Downloading https://files.pythonhosted.org/packages/54/85/0bef63668fb170888c1a2970ec897d4528d6072f32dee27653381a332642/Django-2.2-py3-none-any.whl (7.4MB)
    100% |‚ñà‚ñà‚ñà‚ñà‚ñà‚ñà‚ñà‚ñà‚ñà‚ñà‚ñà‚ñà‚ñà‚ñà‚ñà‚ñà‚ñà‚ñà‚ñà‚ñà‚ñà‚ñà‚ñà‚ñà‚ñà‚ñà‚ñà‚ñà‚ñà‚ñà‚ñà‚ñà| 7.5MB 85kB/s
Collecting djangorestframework==3.9.2 (from -r requirements.txt (line 2))
  Downloading https://files.pythonhosted.org/packages/cc/6d/5f225f18d7978d8753c1861368efc62470947003c7f9f9a5cc425fc0689b/djangorestframework-3.9.2-py2.py3-none-any.whl (911kB)
    100% |‚ñà‚ñà‚ñà‚ñà‚ñà‚ñà‚ñà‚ñà‚ñà‚ñà‚ñà‚ñà‚ñà‚ñà‚ñà‚ñà‚ñà‚ñà‚ñà‚ñà‚ñà‚ñà‚ñà‚ñà‚ñà‚ñà‚ñà‚ñà‚ñà‚ñà‚ñà‚ñà| 921kB 795kB/s
Collecting sqlparse (from django==2.2->-r requirements.txt (line 1))
  Downloading https://files.pythonhosted.org/packages/98/5a/66d7c9305baa9f11857f247d4ba761402cea75db6058ff850ed7128957b7/sqlparse-0.4.4-py3-none-any.whl (41kB)
    100% |‚ñà‚ñà‚ñà‚ñà‚ñà‚ñà‚ñà‚ñà‚ñà‚ñà‚ñà‚ñà‚ñà‚ñà‚ñà‚ñà‚ñà‚ñà‚ñà‚ñà‚ñà‚ñà‚ñà‚ñà‚ñà‚ñà‚ñà‚ñà‚ñà‚ñà‚ñà‚ñà| 51kB 4.6MB/s
Collecting pytz (from django==2.2->-r requirements.txt (line 1))
  Downloading https://files.pythonhosted.org/packages/9c/3d/a121f284241f08268b21359bd425f7d4825cffc5ac5cd0e1b3d82ffd2b10/pytz-2024.1-py2.py3-none-any.whl (505kB)
    100% |‚ñà‚ñà‚ñà‚ñà‚ñà‚ñà‚ñà‚ñà‚ñà‚ñà‚ñà‚ñà‚ñà‚ñà‚ñà‚ñà‚ñà‚ñà‚ñà‚ñà‚ñà‚ñà‚ñà‚ñà‚ñà‚ñà‚ñà‚ñà‚ñà‚ñà‚ñà‚ñà| 512kB 1.3MB/s
Installing collected packages: sqlparse, pytz, django, djangorestframework
Successfully installed django-2.2 djangorestframework-3.9.2 pytz-2024.1 sqlparse-0.4.4
(env) vagrant@ubuntu-bionic:/vagrant$ django-admin startproject profiles_project .
(env) vagrant@ubuntu-bionic:/vagrant$ python manage.py startapp profiles_api
(env) vagrant@ubuntu-bionic:/vagrant$ history > hist.txt
(env) vagr